{
  "assets": 360,
  "badAssets": [],
  "errors": [
    "Failed to load resource: the server responded with a status of 404 (Not Found)",
    "Failed to load resource: the server responded with a status of 404 (Not Found)",
    "Failed to load resource: the server responded with a status of 404 (Not Found)",
    "Failed to load resource: the server responded with a status of 404 (Not Found)",
    "Failed to load resource: the server responded with a status of 404 (Not Found)",
    "Failed to load resource: the server responded with a status of 404 (Not Found)",
    "Failed to load resource: the server responded with a status of 404 (Not Found)",
    "Failed to load resource: the server responded with a status of 404 (Not Found)",
    "Failed to load resource: the server responded with a status of 404 (Not Found)",
    "Failed to load resource: the server responded with a status of 404 (Not Found)",
    "Failed to load resource: the server responded with a status of 404 (Not Found)",
    "Failed to load resource: the server responded with a status of 404 (Not Found)",
    "Failed to load resource: the server responded with a status of 404 (Not Found)",
    "Failed to load resource: the server responded with a status of 404 (Not Found)",
    "Failed to load resource: the server responded with a status of 404 (Not Found)",
    "Failed to load resource: the server responded with a status of 404 (Not Found)",
    "Failed to load resource: the server responded with a status of 404 (Not Found)",
    "Failed to load resource: the server responded with a status of 404 (Not Found)",
    "Failed to load resource: the server responded with a status of 404 (Not Found)",
    "Failed to load resource: the server responded with a status of 404 (Not Found)",
    "Failed to load resource: the server responded with a status of 404 (Not Found)"
  ],
  "failedResponses": [
    {
      "url": "http://127.0.0.1:3300/socket.io/?EIO=4&transport=polling&t=ssg4piz0",
      "status": 404
    },
    {
      "url": "http://127.0.0.1:3300/socket.io/?EIO=4&transport=polling&t=ssgts2bc",
      "status": 404
    },
    {
      "url": "http://127.0.0.1:3300/socket.io/?EIO=4&transport=polling&t=sshhwx1v",
      "status": 404
    },
    {
      "url": "http://127.0.0.1:3300/socket.io/?EIO=4&transport=polling&t=ssi8p6rx",
      "status": 404
    },
    {
      "url": "http://127.0.0.1:3300/socket.io/?EIO=4&transport=polling&t=ssj08k0d",
      "status": 404
    },
    {
      "url": "http://127.0.0.1:3300/socket.io/?EIO=4&transport=polling&t=ssjjg09d",
      "status": 404
    },
    {
      "url": "http://127.0.0.1:3300/socket.io/?EIO=4&transport=polling&t=ssjqporc",
      "status": 404
    },
    {
      "url": "http://127.0.0.1:3300/api/market/state/snapshot",
      "status": 404
    },
    {
      "url": "http://127.0.0.1:3300/api/market/rotation-monitor?scope=sectors",
      "status": 404
    },
    {
      "url": "http://127.0.0.1:3300/socket.io/?EIO=4&transport=polling&t=sskgzw9i",
      "status": 404
    },
    {
      "url": "http://127.0.0.1:3300/socket.io/?EIO=4&transport=polling&t=ssl4qmzk",
      "status": 404
    },
    {
      "url": "http://127.0.0.1:3300/socket.io/?EIO=4&transport=polling&t=sslrodfv",
      "status": 404
    },
    {
      "url": "http://127.0.0.1:3300/socket.io/?EIO=4&transport=polling&t=ssmetts7",
      "status": 404
    },
    {
      "url": "http://127.0.0.1:3300/socket.io/?EIO=4&transport=polling&t=ssmv59kl",
      "status": 404
    },
    {
      "url": "http://127.0.0.1:3300/socket.io/?EIO=4&transport=polling&t=ssn307ed",
      "status": 404
    },
    {
      "url": "http://127.0.0.1:3300/socket.io/?EIO=4&transport=polling&t=ssnr2b4c",
      "status": 404
    },
    {
      "url": "http://127.0.0.1:3300/socket.io/?EIO=4&transport=polling&t=ssofibv8",
      "status": 404
    },
    {
      "url": "http://127.0.0.1:3300/api/market/state/snapshot",
      "status": 404
    },
    {
      "url": "http://127.0.0.1:3300/api/market/rotation-monitor?scope=sectors",
      "status": 404
    },
    {
      "url": "http://127.0.0.1:3300/socket.io/?EIO=4&transport=polling&t=ssp2p1et",
      "status": 404
    },
    {
      "url": "http://127.0.0.1:3300/socket.io/?EIO=4&transport=polling&t=ssplre0o",
      "status": 404
    }
  ],
  "checks": [
    {
      "name": "overview",
      "width": 1440,
      "path": "http://127.0.0.1:3300/",
      "overflow": false,
      "preferencesVisible": true,
      "mainPadding": "32px",
      "canvas": "rgb(23, 25, 29)"
    },
    {
      "name": "editor",
      "width": 1440,
      "path": "http://127.0.0.1:3300/diaries/new",
      "overflow": false,
      "preferencesVisible": true,
      "mainPadding": "32px",
      "canvas": "rgb(23, 25, 29)"
    },
    {
      "name": "portfolio",
      "width": 1440,
      "path": "http://127.0.0.1:3300/stocks",
      "overflow": false,
      "preferencesVisible": true,
      "mainPadding": "32px",
      "canvas": "rgb(23, 25, 29)"
    },
    {
      "name": "company",
      "width": 1440,
      "path": "http://127.0.0.1:3300/stocks/AAPL",
      "overflow": false,
      "preferencesVisible": true,
      "mainPadding": "32px",
      "canvas": "rgb(23, 25, 29)"
    },
    {
      "name": "seasonality",
      "width": 1440,
      "path": "http://127.0.0.1:3300/tools/seasonality",
      "overflow": false,
      "preferencesVisible": true,
      "mainPadding": "32px",
      "canvas": "rgb(23, 25, 29)"
    },
    {
      "name": "performance",
      "width": 1440,
      "path": "http://127.0.0.1:3300/strategy-performance",
      "overflow": false,
      "preferencesVisible": true,
      "mainPadding": "32px",
      "canvas": "rgb(23, 25, 29)"
    },
    {
      "name": "rotation",
      "width": 1440,
      "path": "http://127.0.0.1:3300/tools/market-rotation",
      "overflow": false,
      "preferencesVisible": true,
      "mainPadding": "32px",
      "canvas": "rgb(23, 25, 29)"
    },
    {
      "name": "overview",
      "width": 390,
      "path": "http://127.0.0.1:3300/",
      "overflow": false,
      "preferencesVisible": false,
      "mainPadding": "24px 16px 32px",
      "canvas": "rgb(23, 25, 29)"
    },
    {
      "name": "editor",
      "width": 390,
      "path": "http://127.0.0.1:3300/diaries/new",
      "overflow": false,
      "preferencesVisible": false,
      "mainPadding": "24px 16px 32px",
      "canvas": "rgb(23, 25, 29)"
    },
    {
      "name": "portfolio",
      "width": 390,
      "path": "http://127.0.0.1:3300/stocks",
      "overflow": false,
      "preferencesVisible": false,
      "mainPadding": "24px 16px 32px",
      "canvas": "rgb(23, 25, 29)"
    },
    {
      "name": "company",
      "width": 390,
      "path": "http://127.0.0.1:3300/stocks/AAPL",
      "overflow": false,
      "preferencesVisible": false,
      "mainPadding": "24px 16px 32px",
      "canvas": "rgb(23, 25, 29)"
    },
    {
      "name": "seasonality",
      "width": 390,
      "path": "http://127.0.0.1:3300/tools/seasonality",
      "overflow": false,
      "preferencesVisible": false,
      "mainPadding": "24px 16px 32px",
      "canvas": "rgb(23, 25, 29)"
    },
    {
      "name": "performance",
      "width": 390,
      "path": "http://127.0.0.1:3300/strategy-performance",
      "overflow": false,
      "preferencesVisible": false,
      "mainPadding": "24px 16px 32px",
      "canvas": "rgb(23, 25, 29)"
    },
    {
      "name": "rotation",
      "width": 390,
      "path": "http://127.0.0.1:3300/tools/market-rotation",
      "overflow": false,
      "preferencesVisible": false,
      "mainPadding": "24px 16px 32px",
      "canvas": "rgb(23, 25, 29)"
    }
  ]
}
