{
  "assets": 81,
  "badAssets": [],
  "errors": [
    "Failed to load resource: the server responded with a status of 404 (Not Found)",
    "Failed to load resource: the server responded with a status of 404 (Not Found)",
    "Failed to load resource: the server responded with a status of 404 (Not Found)"
  ],
  "failedResponses": [
    {
      "url": "http://127.0.0.1:3300/socket.io/?EIO=4&transport=polling&t=t2x8bgm6",
      "status": 404
    },
    {
      "url": "http://127.0.0.1:3300/socket.io/?EIO=4&transport=polling&t=t2y4mdph",
      "status": 404
    },
    {
      "url": "http://127.0.0.1:3300/socket.io/?EIO=4&transport=polling&t=t2ywjsbi",
      "status": 404
    }
  ],
  "checks": [
    {
      "name": "portfolio",
      "width": 1440,
      "path": "http://127.0.0.1:3300/stocks",
      "overflow": false,
      "preferencesVisible": true,
      "mainPadding": "32px",
      "canvas": "rgb(246, 247, 248)"
    },
    {
      "name": "portfolio",
      "width": 768,
      "path": "http://127.0.0.1:3300/stocks",
      "overflow": false,
      "preferencesVisible": true,
      "mainPadding": "32px 24px",
      "canvas": "rgb(246, 247, 248)"
    },
    {
      "name": "portfolio",
      "width": 390,
      "path": "http://127.0.0.1:3300/stocks",
      "overflow": false,
      "preferencesVisible": false,
      "mainPadding": "24px 16px 32px",
      "canvas": "rgb(246, 247, 248)"
    }
  ]
}
