
> @diary/web@0.0.0 start
> react-router-serve ./build/server/index.js

[react-router-serve] http://localhost:3300 (http://127.0.0.1:3300)
GET /tools/market-rotation 200 - - 31.133 ms
Error: No route matches URL "/api/market/rotation-monitor"
    at getInternalRouterError (file:///Users/klam/Desktop/project/diary-v3/node_modules/react-router/dist/production/lib/router/router.js:2764:58)
    at Object.query (file:///Users/klam/Desktop/project/diary-v3/node_modules/react-router/dist/production/lib/router/router.js:1487:16)
    at handleDocumentRequest (file:///Users/klam/Desktop/project/diary-v3/node_modules/react-router/dist/production/lib/server-runtime/server.js:213:36)
    at requestHandler (file:///Users/klam/Desktop/project/diary-v3/node_modules/react-router/dist/production/lib/server-runtime/server.js:123:21)
    at requestHandler (file:///Users/klam/Desktop/project/diary-v3/node_modules/react-router/dist/production/lib/server-runtime/server.js:173:10)
    at file:///Users/klam/Desktop/project/diary-v3/node_modules/@react-router/express/dist/index.js:21:39
Error: No route matches URL "/api/market/state/snapshot"
    at getInternalRouterError (file:///Users/klam/Desktop/project/diary-v3/node_modules/react-router/dist/production/lib/router/router.js:2764:58)
    at Object.query (file:///Users/klam/Desktop/project/diary-v3/node_modules/react-router/dist/production/lib/router/router.js:1487:16)
    at handleDocumentRequest (file:///Users/klam/Desktop/project/diary-v3/node_modules/react-router/dist/production/lib/server-runtime/server.js:213:36)
    at requestHandler (file:///Users/klam/Desktop/project/diary-v3/node_modules/react-router/dist/production/lib/server-runtime/server.js:123:21)
    at requestHandler (file:///Users/klam/Desktop/project/diary-v3/node_modules/react-router/dist/production/lib/server-runtime/server.js:173:10)
    at file:///Users/klam/Desktop/project/diary-v3/node_modules/@react-router/express/dist/index.js:21:39
Error: No route matches URL "/api/market/state/history"
    at getInternalRouterError (file:///Users/klam/Desktop/project/diary-v3/node_modules/react-router/dist/production/lib/router/router.js:2764:58)
    at Object.query (file:///Users/klam/Desktop/project/diary-v3/node_modules/react-router/dist/production/lib/router/router.js:1487:16)
    at handleDocumentRequest (file:///Users/klam/Desktop/project/diary-v3/node_modules/react-router/dist/production/lib/server-runtime/server.js:213:36)
    at requestHandler (file:///Users/klam/Desktop/project/diary-v3/node_modules/react-router/dist/production/lib/server-runtime/server.js:123:21)
    at requestHandler (file:///Users/klam/Desktop/project/diary-v3/node_modules/react-router/dist/production/lib/server-runtime/server.js:173:10)
    at file:///Users/klam/Desktop/project/diary-v3/node_modules/@react-router/express/dist/index.js:21:39
Error: No route matches URL "/api/auth/me"
    at getInternalRouterError (file:///Users/klam/Desktop/project/diary-v3/node_modules/react-router/dist/production/lib/router/router.js:2764:58)
    at Object.query (file:///Users/klam/Desktop/project/diary-v3/node_modules/react-router/dist/production/lib/router/router.js:1487:16)
    at handleDocumentRequest (file:///Users/klam/Desktop/project/diary-v3/node_modules/react-router/dist/production/lib/server-runtime/server.js:213:36)
    at requestHandler (file:///Users/klam/Desktop/project/diary-v3/node_modules/react-router/dist/production/lib/server-runtime/server.js:123:21)
    at requestHandler (file:///Users/klam/Desktop/project/diary-v3/node_modules/react-router/dist/production/lib/server-runtime/server.js:173:10)
    at file:///Users/klam/Desktop/project/diary-v3/node_modules/@react-router/express/dist/index.js:21:39
GET /__manifest?paths=%2F%2C%2Falerts%2C%2Fcalendar%2C%2Fdiaries%2C%2Fdiaries%2Fnew%2C%2Fdiaries%2Fquick%2C%2Fdiscipline%2C%2Fpartners%2C%2Freviews%2C%2Fsettings%2C%2Fsettings%2Fsecurity%2C%2Fstocks%2C%2Fstocks%2FSPY%2C%2Fstocks%2Falerts%2C%2Fstocks%2Fwatchlist%2C%2Ftimeline%2C%2Ftools%2C%2Ftools%2Fetf%2C%2Ftools%2Ffinancial-freedom%2C%2Ftools%2Fmarket-rotation%2C%2Ftools%2Fposition-sizing%2C%2Ftools%2Frelative-value%2C%2Ftools%2Fseasonality%2C%2Ftools%2Fsec-filings%2C%2Ftrade-plans&version=5a83ae30 200 - - 2.950 ms
GET /api/market/rotation-monitor?scope=sectors 404 - - 3.318 ms
GET /api/market/state/snapshot 404 - - 1.024 ms
GET /api/market/state/history?days=30 404 - - 1.190 ms
GET /api/auth/me 404 - - 1.337 ms
