[WebServer] (node:2001) Warning: The 'NO_COLOR' env is ignored due to the 'FORCE_COLOR' env being set.
[WebServer] (Use `node --trace-warnings ...` to show where the warning was created)
[WebServer] (node:2001) [DEP0205] DeprecationWarning: `module.register()` is deprecated. Use `module.registerHooks()` instead.
[WebServer] (node:2001) Warning: The 'NO_COLOR' env is ignored due to the 'FORCE_COLOR' env being set.
[WebServer] (Use `node --trace-warnings ...` to show where the warning was created)
[WebServer] (node:2057) Warning: The 'NO_COLOR' env is ignored due to the 'FORCE_COLOR' env being set.
[WebServer] (Use `node --trace-warnings ...` to show where the warning was created)
[WebServer] (node:2059) Warning: The 'NO_COLOR' env is ignored due to the 'FORCE_COLOR' env being set.
[WebServer] (Use `node --trace-warnings ...` to show where the warning was created)
[WebServer] (!) Your Vite config uses features that are unsupported by `configLoader: 'native'`, which is planned to become the default in a future major version of Vite:
[WebServer]   - import "./proxy" without a file extension (vite.config.ts:3:26). Add the file extension
[WebServer] Set `VITE_CONFIG_NATIVE_IGNORE_WARNING=true` to suppress this warning.
[WebServer] (!) Your Vite config uses features that are unsupported by `configLoader: 'native'`, which is planned to become the default in a future major version of Vite:
[WebServer]   - import "./proxy" without a file extension (vite.config.ts:3:26). Add the file extension
[WebServer] Set `VITE_CONFIG_NATIVE_IGNORE_WARNING=true` to suppress this warning.

Running 6 tests using 1 worker

(node:2081) Warning: The 'NO_COLOR' env is ignored due to the 'FORCE_COLOR' env being set.
(Use `node --trace-warnings ...` to show where the warning was created)
  ✓  1 tests/e2e/discipline-share.spec.ts:88:1 › new account registration preserves the shared import destination through sign-in (2.6s)
[WebServer] 5:36:06 AM [vite] ws proxy error:
[WebServer] Error: read ECONNRESET
[WebServer]     at TCP.onStreamRead (node:internal/stream_base_commons:216:20)
[WebServer] 5:36:06 AM [vite] ws proxy socket error:
[WebServer] Error: read ECONNRESET
[WebServer]     at TCP.onStreamRead (node:internal/stream_base_commons:216:20)
[WebServer] 5:36:06 AM [vite] ws proxy error:
[WebServer] Error: read ECONNRESET
[WebServer]     at TCP.onStreamRead (node:internal/stream_base_commons:216:20)
[WebServer] 5:36:06 AM [vite] ws proxy socket error:
[WebServer] Error: read ECONNRESET
[WebServer]     at TCP.onStreamRead (node:internal/stream_base_commons:216:20)
  ✓  2 tests/e2e/etf-research.spec.ts:2:1 › public research and catalog-backed watchlist work at both viewport sizes (2.7s)
  ✓  3 tests/e2e/etf-research.spec.ts:18:1 › watchlist reconciles committed writes when their responses are lost (1.6s)
[WebServer] 5:36:11 AM [vite] (client) [console.error] Failed to fetch manifest patches TypeError: Failed to fetch
[WebServer]     at fetchAndApplyManifestPatches (http://127.0.0.1:3200/node_modules/.vite/deps/development-CNhqM-Vi.js?v=0dd83c99:8708:19)
[WebServer]     at fetchPatches (http://127.0.0.1:3200/node_modules/.vite/deps/development-CNhqM-Vi.js?v=0dd83c99:8639:11)
[WebServer]     at http://127.0.0.1:3200/node_modules/.vite/deps/development-CNhqM-Vi.js?v=0dd83c99:8741:39
  ✓  4 tests/e2e/first-diary.spec.ts:4:3 › register, sign in and persist a diary at 1440px (2.4s)
[WebServer] 5:36:13 AM [vite] (client) [console.error] Failed to fetch manifest patches TypeError: Failed to fetch
[WebServer]     at fetchAndApplyManifestPatches (http://127.0.0.1:3200/node_modules/.vite/deps/development-CNhqM-Vi.js?v=0dd83c99:8708:19)
[WebServer]     at fetchPatches (http://127.0.0.1:3200/node_modules/.vite/deps/development-CNhqM-Vi.js?v=0dd83c99:8639:11)
[WebServer]     at http://127.0.0.1:3200/node_modules/.vite/deps/development-CNhqM-Vi.js?v=0dd83c99:8741:39
  ✓  5 tests/e2e/first-diary.spec.ts:4:3 › register, sign in and persist a diary at 390px (2.4s)
  ✓  6 tests/e2e/market-rotation.spec.ts:75:1 › admin rotation batch writes controlled indexes and guest monitor renders desktop/mobile evidence (2.2s)

  6 passed (17.6s)
